// Jest Snapshot v1, https://goo.gl/fbAQLP

exports[`React should allow using hooks 1`] = `
<h1>
  bar
</h1>
`;

exports[`React should allow using hooks with scoped tracking 1`] = `
<h1>
  bar
</h1>
`;

exports[`React should allow using mocked Overmind 1`] = `
<h1>
  bar
</h1>
`;
